EN pic24 NULL C:/Users/ionut/Desktop/Buzduga_Ionut_Gabriel_CEN31B_Project/PIC24/PIC24.vhf sub00/vhpl00 1642614150
AR file_regs behavioral C:/Users/ionut/Desktop/Buzduga_Ionut_Gabriel_CEN31B_Project/PIC24/File_Regs.vhd sub00/vhpl11 1642614141
AR alu behavioral C:/Users/ionut/Desktop/Buzduga_Ionut_Gabriel_CEN31B_Project/PIC24/ALU.vhd sub00/vhpl05 1642614135
EN datamem NULL C:/Users/ionut/Desktop/Buzduga_Ionut_Gabriel_CEN31B_Project/PIC24/DataMem.vhd sub00/vhpl08 1642614138
AR mux2v16 behavioral C:/Users/ionut/Desktop/Buzduga_Ionut_Gabriel_CEN31B_Project/PIC24/MUX2V16.vhd sub00/vhpl03 1642614133
EN file_regs NULL C:/Users/ionut/Desktop/Buzduga_Ionut_Gabriel_CEN31B_Project/PIC24/File_Regs.vhd sub00/vhpl10 1642614140
EN mux2v4 NULL C:/Users/ionut/Desktop/Buzduga_Ionut_Gabriel_CEN31B_Project/PIC24/MUX2V4.vhd sub00/vhpl12 1642614142
EN rom32x24 NULL C:/Users/ionut/Desktop/Buzduga_Ionut_Gabriel_CEN31B_Project/PIC24/ROM32x24.vhd sub00/vhpl18 1642614148
AR pic24 behavioral C:/Users/ionut/Desktop/Buzduga_Ionut_Gabriel_CEN31B_Project/PIC24/PIC24.vhf sub00/vhpl01 1642614151
AR mux2v4 behavioral C:/Users/ionut/Desktop/Buzduga_Ionut_Gabriel_CEN31B_Project/PIC24/MUX2V4.vhd sub00/vhpl13 1642614143
EN pc_update NULL C:/Users/ionut/Desktop/Buzduga_Ionut_Gabriel_CEN31B_Project/PIC24/PC_Update.vhd sub00/vhpl14 1642614144
AR ctrl behavioral C:/Users/ionut/Desktop/Buzduga_Ionut_Gabriel_CEN31B_Project/PIC24/ctrl.vhd sub00/vhpl07 1642614137
EN progcnt NULL C:/Users/ionut/Desktop/Buzduga_Ionut_Gabriel_CEN31B_Project/PIC24/ProgCnt.vhd sub00/vhpl16 1642614146
EN ctrl NULL C:/Users/ionut/Desktop/Buzduga_Ionut_Gabriel_CEN31B_Project/PIC24/ctrl.vhd sub00/vhpl06 1642614136
AR rom32x24 behavioral C:/Users/ionut/Desktop/Buzduga_Ionut_Gabriel_CEN31B_Project/PIC24/ROM32x24.vhd sub00/vhpl19 1642614149
AR progcnt behavioral C:/Users/ionut/Desktop/Buzduga_Ionut_Gabriel_CEN31B_Project/PIC24/ProgCnt.vhd sub00/vhpl17 1642614147
EN mux2v16 NULL C:/Users/ionut/Desktop/Buzduga_Ionut_Gabriel_CEN31B_Project/PIC24/MUX2V16.vhd sub00/vhpl02 1642614132
AR datamem behavioral C:/Users/ionut/Desktop/Buzduga_Ionut_Gabriel_CEN31B_Project/PIC24/DataMem.vhd sub00/vhpl09 1642614139
AR pc_update behavioral C:/Users/ionut/Desktop/Buzduga_Ionut_Gabriel_CEN31B_Project/PIC24/PC_Update.vhd sub00/vhpl15 1642614145
EN alu NULL C:/Users/ionut/Desktop/Buzduga_Ionut_Gabriel_CEN31B_Project/PIC24/ALU.vhd sub00/vhpl04 1642614134
