V3 41
FL C:/Users/ionut/Desktop/Buzduga_Ionut_Gabriel_CEN31B_Project/PIC24/ALU.vhd 2022/01/19.19:42:11 J.40
EN work/ALU 1642614134 \
      FL C:/Users/ionut/Desktop/Buzduga_Ionut_Gabriel_CEN31B_Project/PIC24/ALU.vhd \
      PB ieee/std_logic_1164 1192821031 PB ieee/std_logic_arith 1192821032 \
      PB ieee/STD_LOGIC_UNSIGNED 1192821033
AR work/ALU/Behavioral 1642614135 \
      FL C:/Users/ionut/Desktop/Buzduga_Ionut_Gabriel_CEN31B_Project/PIC24/ALU.vhd \
      EN work/ALU 1642614134
FL C:/Users/ionut/Desktop/Buzduga_Ionut_Gabriel_CEN31B_Project/PIC24/ctrl.vhd 2022/01/12.20:52:11 J.40
EN work/ctrl 1642614136 \
      FL C:/Users/ionut/Desktop/Buzduga_Ionut_Gabriel_CEN31B_Project/PIC24/ctrl.vhd \
      PB ieee/std_logic_1164 1192821031 PB ieee/std_logic_arith 1192821032 \
      PB ieee/STD_LOGIC_UNSIGNED 1192821033
AR work/ctrl/Behavioral 1642614137 \
      FL C:/Users/ionut/Desktop/Buzduga_Ionut_Gabriel_CEN31B_Project/PIC24/ctrl.vhd \
      EN work/ctrl 1642614136
FL C:/Users/ionut/Desktop/Buzduga_Ionut_Gabriel_CEN31B_Project/PIC24/DataMem.vhd 2022/01/11.12:33:04 J.40
EN work/DataMem 1642614138 \
      FL C:/Users/ionut/Desktop/Buzduga_Ionut_Gabriel_CEN31B_Project/PIC24/DataMem.vhd \
      PB ieee/std_logic_1164 1192821031 PB ieee/std_logic_arith 1192821032 \
      PB ieee/STD_LOGIC_UNSIGNED 1192821033
AR work/DataMem/Behavioral 1642614139 \
      FL C:/Users/ionut/Desktop/Buzduga_Ionut_Gabriel_CEN31B_Project/PIC24/DataMem.vhd \
      EN work/DataMem 1642614138
FL C:/Users/ionut/Desktop/Buzduga_Ionut_Gabriel_CEN31B_Project/PIC24/File_Regs.vhd 2022/01/13.23:34:26 J.40
EN work/File_Regs 1642614140 \
      FL C:/Users/ionut/Desktop/Buzduga_Ionut_Gabriel_CEN31B_Project/PIC24/File_Regs.vhd \
      PB ieee/std_logic_1164 1192821031 PB ieee/std_logic_arith 1192821032 \
      PB ieee/STD_LOGIC_UNSIGNED 1192821033
AR work/File_Regs/Behavioral 1642614141 \
      FL C:/Users/ionut/Desktop/Buzduga_Ionut_Gabriel_CEN31B_Project/PIC24/File_Regs.vhd \
      EN work/File_Regs 1642614140
FL C:/Users/ionut/Desktop/Buzduga_Ionut_Gabriel_CEN31B_Project/PIC24/MUX2V16.vhd 2022/01/13.23:35:05 J.40
EN work/MUX2V16 1642614132 \
      FL C:/Users/ionut/Desktop/Buzduga_Ionut_Gabriel_CEN31B_Project/PIC24/MUX2V16.vhd \
      PB ieee/std_logic_1164 1192821031 PB ieee/std_logic_arith 1192821032 \
      PB ieee/STD_LOGIC_UNSIGNED 1192821033
AR work/MUX2V16/Behavioral 1642614133 \
      FL C:/Users/ionut/Desktop/Buzduga_Ionut_Gabriel_CEN31B_Project/PIC24/MUX2V16.vhd \
      EN work/MUX2V16 1642614132
FL C:/Users/ionut/Desktop/Buzduga_Ionut_Gabriel_CEN31B_Project/PIC24/MUX2V4.vhd 2022/01/10.15:38:52 J.40
EN work/MUX2V4 1642614142 \
      FL C:/Users/ionut/Desktop/Buzduga_Ionut_Gabriel_CEN31B_Project/PIC24/MUX2V4.vhd \
      PB ieee/std_logic_1164 1192821031 PB ieee/std_logic_arith 1192821032 \
      PB ieee/STD_LOGIC_UNSIGNED 1192821033
AR work/MUX2V4/Behavioral 1642614143 \
      FL C:/Users/ionut/Desktop/Buzduga_Ionut_Gabriel_CEN31B_Project/PIC24/MUX2V4.vhd \
      EN work/MUX2V4 1642614142
FL C:/Users/ionut/Desktop/Buzduga_Ionut_Gabriel_CEN31B_Project/PIC24/PC_Update.vhd 2022/01/06.15:43:16 J.40
EN work/PC_Update 1642614144 \
      FL C:/Users/ionut/Desktop/Buzduga_Ionut_Gabriel_CEN31B_Project/PIC24/PC_Update.vhd \
      PB ieee/std_logic_1164 1192821031 PB ieee/std_logic_arith 1192821032 \
      PB ieee/STD_LOGIC_UNSIGNED 1192821033
AR work/PC_Update/Behavioral 1642614145 \
      FL C:/Users/ionut/Desktop/Buzduga_Ionut_Gabriel_CEN31B_Project/PIC24/PC_Update.vhd \
      EN work/PC_Update 1642614144
FL C:/Users/ionut/Desktop/Buzduga_Ionut_Gabriel_CEN31B_Project/PIC24/PIC24.vhf 2022/01/18.00:32:27 J.40
EN work/PIC24 1642614150 \
      FL C:/Users/ionut/Desktop/Buzduga_Ionut_Gabriel_CEN31B_Project/PIC24/PIC24.vhf \
      PB ieee/std_logic_1164 1192821031 PH ieee/NUMERIC_STD 1192821033 LB UNISIM \
      PH unisim/VCOMPONENTS 1194566982
AR work/PIC24/BEHAVIORAL 1642614151 \
      FL C:/Users/ionut/Desktop/Buzduga_Ionut_Gabriel_CEN31B_Project/PIC24/PIC24.vhf \
      EN work/PIC24 1642614150 CP MUX2V16 CP ALU CP ctrl CP DataMem CP File_Regs \
      CP MUX2V4 CP PC_Update CP ProgCnt CP ROM32x24
FL C:/Users/ionut/Desktop/Buzduga_Ionut_Gabriel_CEN31B_Project/PIC24/ProgCnt.vhd 2022/01/06.15:14:53 J.40
EN work/ProgCnt 1642614146 \
      FL C:/Users/ionut/Desktop/Buzduga_Ionut_Gabriel_CEN31B_Project/PIC24/ProgCnt.vhd \
      PB ieee/std_logic_1164 1192821031 PB ieee/std_logic_arith 1192821032 \
      PB ieee/STD_LOGIC_UNSIGNED 1192821033
AR work/ProgCnt/Behavioral 1642614147 \
      FL C:/Users/ionut/Desktop/Buzduga_Ionut_Gabriel_CEN31B_Project/PIC24/ProgCnt.vhd \
      EN work/ProgCnt 1642614146
FL C:/Users/ionut/Desktop/Buzduga_Ionut_Gabriel_CEN31B_Project/PIC24/ROM32x24.vhd 2022/01/19.19:05:11 J.40
EN work/ROM32x24 1642614148 \
      FL C:/Users/ionut/Desktop/Buzduga_Ionut_Gabriel_CEN31B_Project/PIC24/ROM32x24.vhd \
      PB ieee/std_logic_1164 1192821031 PB ieee/std_logic_arith 1192821032 \
      PB ieee/STD_LOGIC_UNSIGNED 1192821033
AR work/ROM32x24/Behavioral 1642614149 \
      FL C:/Users/ionut/Desktop/Buzduga_Ionut_Gabriel_CEN31B_Project/PIC24/ROM32x24.vhd \
      EN work/ROM32x24 1642614148
FL C:/Users/ionut/Desktop/PIC24/PIC24.vhf 2022/01/13.23:26:58 J.40
